// Jest Snapshot v1, https://goo.gl/fbAQLP

exports[`FormProduct Screen renderiza correctamente en modo creaci√≥n 1`] = `null`;
